
Compiling lib\main.dart for the Web...                          
C:\Users\aksha\Downloads\flutter\flutter\
bin\flutter.bat : Target dart2js failed: 
ProcessException: Process exited 
abnormally with exit code 1:
At line:1 char:1
+ C:\Users\aksha\Downloads\flutter\flutte
r\bin\flutter.bat build web -- ...
+ ~~~~~~~~~~~~~~~~~~~~~~~~~~~~~~~~~~~~~~~
~~~~~~~~~~~~~~~~~~~~~~~~~~~~~~
    + CategoryInfo          : NotSpecifi 
   ed: (Target dart2js ...th exit code   
  1::String) [], RemoteException
    + FullyQualifiedErrorId : NativeComm 
   andError
 
Error: Couldn't resolve the package 
'ULP' in 'package:ULP/main.dart'.
.dart_tool/flutter_build/4afee95618fbe4fc
3c64e5ce67030be7/main.dart:12:8:
Error: Not found: 'package:ULP/main.dart'
import 'package:ULP/main.dart' as 
entrypoint;
       ^
.dart_tool/flutter_build/4afee95618fbe4fc
3c64e5ce67030be7/main.dart:21:22:
Error: Undefined name 'main'.
      if (entrypoint.main is 
_UnaryFunction) {
                     ^^^^
.dart_tool/flutter_build/4afee95618fbe4fc
3c64e5ce67030be7/main.dart:22:28:
Error: Undefined name 'main'.
        return (entrypoint.main as 
_UnaryFunction)(<String>[]);
                           ^^^^
.dart_tool/flutter_build/4afee95618fbe4fc
3c64e5ce67030be7/main.dart:24:26:
Error: Undefined name 'main'.
      return (entrypoint.main as 
_NullaryFunction)();
                         ^^^^
Error: Compilation failed.
  Command: C:\Users\aksha\Downloads\flutt
er\flutter\bin\cache\dart-sdk\bin\dart.ex
e --disable-dart-dev C:\Users\aksha\Downl
oads\flutter\flutter\bin\cache\dart-sdk\b
in\snapshots\dart2js.dart.snapshot --plat
form-binaries=C:\Users\aksha\Downloads\fl
utter\flutter\bin\cache\flutter_web_sdk\k
ernel --invoker=flutter_tool 
-Ddart.vm.product=true 
-DFLUTTER_WEB_AUTO_DETECT=false 
-DFLUTTER_WEB_USE_SKIA=true -DFLUTTER_WEB
_CANVASKIT_URL=https://www.gstatic.com/fl
utter-canvaskit/a18df97ca57a249df5d8d68cd
0820600223ce262/ 
--native-null-assertions 
--no-source-maps -o S:\projects\Learning 
Platform\Updated Platform!\frontend\.dart
_tool\flutter_build\4afee95618fbe4fc3c64e
5ce67030be7\app.dill --packages=.dart_too
l/package_config.json --cfe-only 
S:\projects\Learning Platform\Updated Pla
tform!\frontend\.dart_tool\flutter_build\
4afee95618fbe4fc3c64e5ce67030be7\main.dar
t
#0      RunResult.throwException (package
:flutter_tools/src/base/process.dart:122:
5)
#1      _DefaultProcessUtils.run (package
:flutter_tools/src/base/process.dart:370:
19)
<asynchronous suspension>
#2      Dart2JSTarget.build (package:flut
ter_tools/src/build_system/targets/web.da
rt:203:5)
<asynchronous suspension>
#3      _BuildInstance._invokeInternal (p
ackage:flutter_tools/src/build_system/bui
ld_system.dart:875:9)
<asynchronous suspension>
#4      Future.wait.<anonymous closure> 
(dart:async/future.dart:534:21)
<asynchronous suspension>
#5      _BuildInstance.invokeTarget (pack
age:flutter_tools/src/build_system/build_
system.dart:813:32)
<asynchronous suspension>
#6      Future.wait.<anonymous closure> 
(dart:async/future.dart:534:21)
<asynchronous suspension>
#7      _BuildInstance.invokeTarget (pack
age:flutter_tools/src/build_system/build_
system.dart:813:32)
<asynchronous suspension>
#8      FlutterBuildSystem.build (package
:flutter_tools/src/build_system/build_sys
tem.dart:635:16)
<asynchronous suspension>
#9      WebBuilder.buildWeb (package:flut
ter_tools/src/web/compile.dart:92:34)
<asynchronous suspension>
#10     BuildWebCommand.runCommand (packa
ge:flutter_tools/src/commands/build_web.d
art:230:5)
<asynchronous suspension>
#11     FlutterCommand.run.<anonymous 
closure> (package:flutter_tools/src/runne
r/flutter_command.dart:1408:27)
<asynchronous suspension>
#12     AppContext.run.<anonymous 
closure> (package:flutter_tools/src/base/
context.dart:153:19)
<asynchronous suspension>
#13     CommandRunner.runCommand 
(package:args/command_runner.dart:212:13)
<asynchronous suspension>
#14     FlutterCommandRunner.runCommand.<
anonymous closure> (package:flutter_tools
/src/runner/flutter_command_runner.dart:4
20:9)
<asynchronous suspension>
#15     AppContext.run.<anonymous 
closure> (package:flutter_tools/src/base/
context.dart:153:19)
<asynchronous suspension>
#16     FlutterCommandRunner.runCommand (
package:flutter_tools/src/runner/flutter_
command_runner.dart:364:5)
<asynchronous suspension>
#17     run.<anonymous 
closure>.<anonymous closure> 
(package:flutter_tools/runner.dart:130:9)
<asynchronous suspension>
#18     AppContext.run.<anonymous 
closure> (package:flutter_tools/src/base/
context.dart:153:19)
<asynchronous suspension>
#19     main (package:flutter_tools/execu
table.dart:93:3)
<asynchronous suspension>

Compiling lib\main.dart for the Web...                             26.8s
Error: Failed to compile application for 
the Web.
